I'm sorry, but errors were detected in your script. Please correct the
errors listed below, and try again.


File "game/katelyn.rpy", line 805: choice menuitem expects a non-empty block.
    "Talk about Kawaii-Chan":
                             ^

Ren'Py Version: Ren'Py 8.0.1.22070801
Fri Sep  1 13:02:08 2023
